node LHC.Prim.Int32 LHC.Prim.I32
node LHC.Prim.I# LHC.Prim.I32
node LHC.Prim.C# LHC.Prim.I32
node LHC.Prim.Unit 
node LHC.Prim.Nil 
node LHC.Prim.Cons a LHC.Prim.List a
node LHC.Prim.False 
node LHC.Prim.True 
newtype LHC.Prim.IO:(‚àÄ a. (LHC.Prim.RealWorld# ‚Üí  (# LHC.Prim.RealWorld#, a #)) ‚Üí  LHC.Prim.IO a)
LHC.Prim.realworld# : LHC.Prim.RealWorld#
LHC.Prim.realworld# =
  void
LHC.Prim.unIO : ‚àÄ a. LHC.Prim.IO a ‚Üí  LHC.Prim.RealWorld# ‚Üí  (# LHC.Prim.RealWorld#, a #)
LHC.Prim.unIO =
  ‚àÄ sk_0_a. LHC.Prim.IO sk_0_a ‚Üí  LHC.Prim.RealWorld# ‚Üí  (# LHC.Prim.RealWorld#, sk_0_a #) Œª LHC.Prim.action:(LHC.Prim.IO a) ‚Üí 
  case LHC.Prim.action of
    scrut:(LHC.Prim.IO sk_0_a)
    
    DEFAULT ‚Üí 
      scrut^1 ‚Üê scrut
      LHC.Prim.IO LHC.Prim.unit:(LHC.Prim.RealWorld# ‚Üí  (# LHC.Prim.RealWorld#, sk_0_a #)) ‚Üê scrut^1:(LHC.Prim.IO sk_0_a)
      LHC.Prim.unit
LHC.Prim.bindIO : ‚àÄ a b. LHC.Prim.IO a ‚Üí  (a ‚Üí  LHC.Prim.IO b) ‚Üí  LHC.Prim.IO b
LHC.Prim.bindIO =
  ‚àÄ sk_5_a sk_6_b. LHC.Prim.IO sk_5_a ‚Üí  (sk_5_a ‚Üí  LHC.Prim.IO sk_6_b) ‚Üí  LHC.Prim.IO sk_6_b Œª LHC.Prim.f:(LHC.Prim.IO a) LHC.Prim.g:(a ‚Üí  LHC.Prim.IO b) ‚Üí 
  ((‚àÄ a. (LHC.Prim.RealWorld# ‚Üí  (# LHC.Prim.RealWorld#, a #)) ‚Üí  LHC.Prim.IO a) @ sk_6_b LHC.Prim.IO)
    (Œª LHC.Prim.s:LHC.Prim.RealWorld# ‚Üí 
    case ((‚àÄ a. LHC.Prim.IO a ‚Üí  LHC.Prim.RealWorld# ‚Üí  (# LHC.Prim.RealWorld#, a #)) @ sk_5_a LHC.Prim.unIO)
               LHC.Prim.f LHC.Prim.s of
      scrut^2:[91mundefined[0m
      
      DEFAULT ‚Üí 
        scrut^2 ‚Üê scrut^2
        (# LHC.Prim.s', LHC.Prim.a #) ‚Üê scrut^2:[91mundefined[0m
        ((‚àÄ a. LHC.Prim.IO a ‚Üí  LHC.Prim.RealWorld# ‚Üí  (# LHC.Prim.RealWorld#, a #)) @ sk_6_b LHC.Prim.unIO)
            (LHC.Prim.g LHC.Prim.a)
          LHC.Prim.s')
LHC.Prim.thenIO : ‚àÄ a b. LHC.Prim.IO a ‚Üí  LHC.Prim.IO b ‚Üí  LHC.Prim.IO b
LHC.Prim.thenIO =
  ‚àÄ sk_13_a sk_14_b. LHC.Prim.IO sk_13_a ‚Üí  LHC.Prim.IO sk_14_b ‚Üí  LHC.Prim.IO sk_14_b Œª LHC.Prim.a:(LHC.Prim.IO a) LHC.Prim.b:(LHC.Prim.IO b) ‚Üí 
  ((‚àÄ a b. LHC.Prim.IO a ‚Üí  (a ‚Üí  LHC.Prim.IO b) ‚Üí  LHC.Prim.IO b) @ sk_13_a sk_14_b LHC.Prim.bindIO)
      LHC.Prim.a
    (Œª LHC.Prim.c:sk_13_a ‚Üí 
    LHC.Prim.b)
LHC.Prim.return : ‚àÄ a. a ‚Üí  LHC.Prim.IO a
LHC.Prim.return =
  ‚àÄ sk_20_a. sk_20_a ‚Üí  LHC.Prim.IO sk_20_a Œª LHC.Prim.a:a ‚Üí 
  ((‚àÄ a. (LHC.Prim.RealWorld# ‚Üí  (# LHC.Prim.RealWorld#, a #)) ‚Üí  LHC.Prim.IO a) @ sk_20_a LHC.Prim.IO)
    (Œª LHC.Prim.s:LHC.Prim.RealWorld# ‚Üí 
    (# LHC.Prim.s, LHC.Prim.a #))
LHC.Prim.unsafePerformIO : ‚àÄ a. LHC.Prim.IO a ‚Üí  a
LHC.Prim.unsafePerformIO =
  ‚àÄ sk_24_a. LHC.Prim.IO sk_24_a ‚Üí  sk_24_a Œª LHC.Prim.action:(LHC.Prim.IO a) ‚Üí 
  case ((‚àÄ a. LHC.Prim.IO a ‚Üí  LHC.Prim.RealWorld# ‚Üí  (# LHC.Prim.RealWorld#, a #)) @ sk_24_a LHC.Prim.unIO)
             LHC.Prim.action
           LHC.Prim.realworld# of
    scrut^3:[91mundefined[0m
    
    DEFAULT ‚Üí 
      scrut^3 ‚Üê scrut^3
      (# LHC.Prim.st, LHC.Prim.val #) ‚Üê scrut^3:[91mundefined[0m
      LHC.Prim.val
LHC.Prim.c_putchar : LHC.Prim.I32 ‚Üí  LHC.Prim.IO LHC.Prim.Int32
LHC.Prim.c_putchar =
  Œª arg^4:LHC.Prim.I32 ‚Üí 
  Œª s^6:LHC.Prim.RealWorld# ‚Üí 
  primOut^5:LHC.Prim.I32, s'^7 ‚Üê external putchar arg^4
  (# s'^7, LHC.Prim.Int32
    primOut^5 #)
LHC.Prim.indexI8# : LHC.Prim.Addr LHC.Prim.I8 ‚Üí  LHC.Prim.I8
LHC.Prim.indexI8# =
  Œª arg^8:(LHC.Prim.Addr LHC.Prim.I8) ‚Üí 
  primOut^9:LHC.Prim.I8 ‚Üê external indexI8# arg^8
  primOut^9
LHC.Prim.addrAdd# : LHC.Prim.Addr LHC.Prim.I8 ‚Üí  LHC.Prim.I64 ‚Üí  LHC.Prim.Addr LHC.Prim.I8
LHC.Prim.addrAdd# =
  Œª arg^10:(LHC.Prim.Addr LHC.Prim.I8) arg^11:LHC.Prim.I64 ‚Üí 
  primOut^12:(LHC.Prim.Addr LHC.Prim.I8) ‚Üê external addrAdd# arg^10 arg^11
  primOut^12
LHC.Prim.i64toi32 : LHC.Prim.I64 ‚Üí  LHC.Prim.I32
LHC.Prim.i64toi32 =
  Œª arg^13:LHC.Prim.I64 ‚Üí 
  (arg^13 ::: LHC.Prim.I32)
LHC.Prim.i8toi64 : LHC.Prim.I8 ‚Üí  LHC.Prim.I64
LHC.Prim.i8toi64 =
  Œª arg^14:LHC.Prim.I8 ‚Üí 
  (arg^14 ::: LHC.Prim.I64)
LHC.Prim.i8toi32 : LHC.Prim.I8 ‚Üí  LHC.Prim.I32
LHC.Prim.i8toi32 =
  Œª arg^15:LHC.Prim.I8 ‚Üí 
  (arg^15 ::: LHC.Prim.I32)
LHC.Prim.i32toi64 : LHC.Prim.I32 ‚Üí  LHC.Prim.I64
LHC.Prim.i32toi64 =
  Œª arg^16:LHC.Prim.I32 ‚Üí 
  (arg^16 ::: LHC.Prim.I64)
LHC.Prim.unpackString# : LHC.Prim.Addr LHC.Prim.I8 ‚Üí  [LHC.Prim.Char]
LHC.Prim.unpackString# =
  LHC.Prim.Addr LHC.Prim.I8 ‚Üí  [LHC.Prim.Char] Œª LHC.Prim.ptr:(LHC.Prim.Addr LHC.Prim.I8) ‚Üí 
  case LHC.Prim.i8toi64
           (LHC.Prim.indexI8#
             LHC.Prim.ptr) of
    scrut^17:LHC.Prim.I64
    
    DEFAULT ‚Üí 
      case scrut^17 of
        scrut^17:LHC.Prim.I64
        0 ‚Üí 
          LHC.Prim.Nil
        DEFAULT ‚Üí 
          let LHC.Prim.char:LHC.Prim.I64 = scrut^17
          ((‚àÄ a. a ‚Üí  [a] ‚Üí  [a]) @ LHC.Prim.Char LHC.Prim.Cons)
              (LHC.Prim.C# (LHC.Prim.i64toi32
                  LHC.Prim.char))
            (LHC.Prim.unpackString#
              (LHC.Prim.addrAdd# LHC.Prim.ptr
                1))
LHC.Prim.c_getchar : LHC.Prim.IO LHC.Prim.Int32
LHC.Prim.c_getchar =
  Œª  ‚Üí 
  Œª s^20:LHC.Prim.RealWorld# ‚Üí 
  primOut^19:LHC.Prim.I32, s'^21 ‚Üê external getchar 
  (# s'^21, LHC.Prim.Int32
    primOut^19 #)
LHC.Prim.getChar : LHC.Prim.IO LHC.Prim.Char
LHC.Prim.getChar =
  ((‚àÄ a b. LHC.Prim.IO a ‚Üí  (a ‚Üí  LHC.Prim.IO b) ‚Üí  LHC.Prim.IO b) @ LHC.Prim.Int32 LHC.Prim.Char LHC.Prim.bindIO)
      LHC.Prim.c_getchar
    (Œª LHC.Prim.c:LHC.Prim.Int32 ‚Üí 
    case LHC.Prim.c of
      scrut^22:LHC.Prim.Int32
      
      DEFAULT ‚Üí 
        scrut^23 ‚Üê scrut^22
        LHC.Prim.Int32 LHC.Prim.c#:LHC.Prim.I32 ‚Üê scrut^23:LHC.Prim.Int32
        ((‚àÄ a. a ‚Üí  LHC.Prim.IO a) @ LHC.Prim.Char LHC.Prim.return)
          (LHC.Prim.C# LHC.Prim.c#))
LHC.Prim.getLine : LHC.Prim.IO [LHC.Prim.Char]
LHC.Prim.getLine =
  ((‚àÄ a b. LHC.Prim.IO a ‚Üí  (a ‚Üí  LHC.Prim.IO b) ‚Üí  LHC.Prim.IO b) @ LHC.Prim.Char [LHC.Prim.Char] LHC.Prim.bindIO)
      LHC.Prim.getChar
    (Œª LHC.Prim.c:LHC.Prim.Char ‚Üí 
    case LHC.Prim.c of
      scrut^24:LHC.Prim.Char
      
      DEFAULT ‚Üí 
        scrut^27 ‚Üê scrut^24
        LHC.Prim.C# LHC.Prim.c#:LHC.Prim.I32 ‚Üê scrut^27:LHC.Prim.Char
        case LHC.Prim.c# of
          scrut^25:LHC.Prim.I32
          
          DEFAULT ‚Üí 
            case scrut^25 of
              scrut^25:LHC.Prim.I32
              '\n' ‚Üí 
                ((‚àÄ a. a ‚Üí  LHC.Prim.IO a) @ [LHC.Prim.Char] LHC.Prim.return)
                  LHC.Prim.Nil
              DEFAULT ‚Üí 
                ((‚àÄ a b. LHC.Prim.IO a ‚Üí  (a ‚Üí  LHC.Prim.IO b) ‚Üí  LHC.Prim.IO b) @ [LHC.Prim.Char] [LHC.Prim.Char] LHC.Prim.bindIO)
                    LHC.Prim.getLine
                  (Œª LHC.Prim.cs:[LHC.Prim.Char] ‚Üí 
                  ((‚àÄ a. a ‚Üí  LHC.Prim.IO a) @ [LHC.Prim.Char] LHC.Prim.return)
                    (((‚àÄ a. a ‚Üí  [a] ‚Üí  [a]) @ LHC.Prim.Char LHC.Prim.Cons)
                        LHC.Prim.c LHC.Prim.cs)))
LHC.Prim.putStr : [LHC.Prim.Char] ‚Üí  LHC.Prim.IO ()
LHC.Prim.putStr =
  [LHC.Prim.Char] ‚Üí  LHC.Prim.IO () Œª LHC.Prim.lst:[LHC.Prim.Char] ‚Üí 
  case LHC.Prim.lst of
    scrut^28:[LHC.Prim.Char]
    
    DEFAULT ‚Üí 
      case scrut^28 of
        scrut^28:[LHC.Prim.Char]
        LHC.Prim.Nil  ‚Üí 
          ((‚àÄ a. a ‚Üí  LHC.Prim.IO a) @ () LHC.Prim.return)
            LHC.Prim.Unit
        DEFAULT ‚Üí 
          scrut^31 ‚Üê scrut^28
          LHC.Prim.Cons LHC.Prim.head:LHC.Prim.Char LHC.Prim.tail:[LHC.Prim.Char] ‚Üê scrut^31:[LHC.Prim.Char]
          case LHC.Prim.head of
            scrut^29:LHC.Prim.Char
            
            DEFAULT ‚Üí 
              scrut^30 ‚Üê scrut^29
              LHC.Prim.C# LHC.Prim.char:LHC.Prim.I32 ‚Üê scrut^30:LHC.Prim.Char
              ((‚àÄ a b. LHC.Prim.IO a ‚Üí  LHC.Prim.IO b ‚Üí  LHC.Prim.IO b) @ LHC.Prim.Int32 () LHC.Prim.thenIO)
                  (LHC.Prim.c_putchar
                    LHC.Prim.char) (LHC.Prim.putStr
                  LHC.Prim.tail)
LHC.Prim.putStrLn : [LHC.Prim.Char] ‚Üí  LHC.Prim.IO ()
LHC.Prim.putStrLn =
  [LHC.Prim.Char] ‚Üí  LHC.Prim.IO () Œª LHC.Prim.msg:[LHC.Prim.Char] ‚Üí 
  ((‚àÄ a b. LHC.Prim.IO a ‚Üí  LHC.Prim.IO b ‚Üí  LHC.Prim.IO b) @ () () LHC.Prim.thenIO)
      (LHC.Prim.putStr LHC.Prim.msg)
    (LHC.Prim.putStr
      (LHC.Prim.unpackString# "\n"))
LHC.Prim.not : LHC.Prim.Bool ‚Üí  LHC.Prim.Bool
LHC.Prim.not =
  LHC.Prim.Bool ‚Üí  LHC.Prim.Bool Œª arg^33:LHC.Prim.Bool ‚Üí 
  case arg^33 of
    arg^35:LHC.Prim.Bool
    LHC.Prim.False  ‚Üí 
      LHC.Prim.True
    DEFAULT ‚Üí 
      arg^34 ‚Üê arg^33
      LHC.Prim.True  ‚Üê arg^34:LHC.Prim.Bool
      LHC.Prim.False
LHC.Prim.otherwise : LHC.Prim.Bool
LHC.Prim.otherwise =
  LHC.Prim.True
LHC.Prim.+# : LHC.Prim.I32 ‚Üí  LHC.Prim.I32 ‚Üí  LHC.Prim.I32
LHC.Prim.+# =
  Œª arg^36:LHC.Prim.I32 arg^37:LHC.Prim.I32 ‚Üí 
  primOut^38:LHC.Prim.I32 ‚Üê external +# arg^36 arg^37
  primOut^38
LHC.Prim.-# : LHC.Prim.I32 ‚Üí  LHC.Prim.I32 ‚Üí  LHC.Prim.I32
LHC.Prim.-# =
  Œª arg^39:LHC.Prim.I32 arg^40:LHC.Prim.I32 ‚Üí 
  primOut^41:LHC.Prim.I32 ‚Üê external -# arg^39 arg^40
  primOut^41
LHC.Prim.*# : LHC.Prim.I32 ‚Üí  LHC.Prim.I32 ‚Üí  LHC.Prim.I32
LHC.Prim.*# =
  Œª arg^42:LHC.Prim.I32 arg^43:LHC.Prim.I32 ‚Üí 
  primOut^44:LHC.Prim.I32 ‚Üê external *# arg^42 arg^43
  primOut^44
LHC.Prim.+ : LHC.Prim.Int ‚Üí  LHC.Prim.Int ‚Üí  LHC.Prim.Int
LHC.Prim.+ =
  LHC.Prim.Int ‚Üí  LHC.Prim.Int ‚Üí  LHC.Prim.Int Œª arg^45:LHC.Prim.Int arg^46:LHC.Prim.Int ‚Üí 
  arg^48 ‚Üê arg^45
  LHC.Prim.I# LHC.Prim.a#:LHC.Prim.I32 ‚Üê arg^48:LHC.Prim.Int
  arg^47 ‚Üê arg^46
  LHC.Prim.I# LHC.Prim.b#:LHC.Prim.I32 ‚Üê arg^47:LHC.Prim.Int
  LHC.Prim.I# (LHC.Prim.+#
        LHC.Prim.a# LHC.Prim.b#)
LHC.Prim.- : LHC.Prim.Int ‚Üí  LHC.Prim.Int ‚Üí  LHC.Prim.Int
LHC.Prim.- =
  LHC.Prim.Int ‚Üí  LHC.Prim.Int ‚Üí  LHC.Prim.Int Œª arg^49:LHC.Prim.Int arg^50:LHC.Prim.Int ‚Üí 
  arg^52 ‚Üê arg^49
  LHC.Prim.I# LHC.Prim.a#:LHC.Prim.I32 ‚Üê arg^52:LHC.Prim.Int
  arg^51 ‚Üê arg^50
  LHC.Prim.I# LHC.Prim.b#:LHC.Prim.I32 ‚Üê arg^51:LHC.Prim.Int
  LHC.Prim.I# (LHC.Prim.-#
        LHC.Prim.a# LHC.Prim.b#)
LHC.Prim.* : LHC.Prim.Int ‚Üí  LHC.Prim.Int ‚Üí  LHC.Prim.Int
LHC.Prim.* =
  LHC.Prim.Int ‚Üí  LHC.Prim.Int ‚Üí  LHC.Prim.Int Œª arg^53:LHC.Prim.Int arg^54:LHC.Prim.Int ‚Üí 
  arg^56 ‚Üê arg^53
  LHC.Prim.I# LHC.Prim.a#:LHC.Prim.I32 ‚Üê arg^56:LHC.Prim.Int
  arg^55 ‚Üê arg^54
  LHC.Prim.I# LHC.Prim.b#:LHC.Prim.I32 ‚Üê arg^55:LHC.Prim.Int
  LHC.Prim.I# (LHC.Prim.*#
        LHC.Prim.a# LHC.Prim.b#)
LHC.Prim.udiv# : LHC.Prim.I32 ‚Üí  LHC.Prim.I32 ‚Üí  LHC.Prim.I32
LHC.Prim.udiv# =
  Œª arg^57:LHC.Prim.I32 arg^58:LHC.Prim.I32 ‚Üí 
  primOut^59:LHC.Prim.I32 ‚Üê external udiv# arg^57 arg^58
  primOut^59
LHC.Prim.sdiv# : LHC.Prim.I32 ‚Üí  LHC.Prim.I32 ‚Üí  LHC.Prim.I32
LHC.Prim.sdiv# =
  Œª arg^60:LHC.Prim.I32 arg^61:LHC.Prim.I32 ‚Üí 
  primOut^62:LHC.Prim.I32 ‚Üê external sdiv# arg^60 arg^61
  primOut^62
LHC.Prim.urem# : LHC.Prim.I32 ‚Üí  LHC.Prim.I32 ‚Üí  LHC.Prim.I32
LHC.Prim.urem# =
  Œª arg^63:LHC.Prim.I32 arg^64:LHC.Prim.I32 ‚Üí 
  primOut^65:LHC.Prim.I32 ‚Üê external urem# arg^63 arg^64
  primOut^65
LHC.Prim.srem# : LHC.Prim.I32 ‚Üí  LHC.Prim.I32 ‚Üí  LHC.Prim.I32
LHC.Prim.srem# =
  Œª arg^66:LHC.Prim.I32 arg^67:LHC.Prim.I32 ‚Üí 
  primOut^68:LHC.Prim.I32 ‚Üê external srem# arg^66 arg^67
  primOut^68
LHC.Prim.sdiv : LHC.Prim.Int ‚Üí  LHC.Prim.Int ‚Üí  LHC.Prim.Int
LHC.Prim.sdiv =
  LHC.Prim.Int ‚Üí  LHC.Prim.Int ‚Üí  LHC.Prim.Int Œª arg^69:LHC.Prim.Int arg^70:LHC.Prim.Int ‚Üí 
  arg^72 ‚Üê arg^69
  LHC.Prim.I# LHC.Prim.a#:LHC.Prim.I32 ‚Üê arg^72:LHC.Prim.Int
  arg^71 ‚Üê arg^70
  LHC.Prim.I# LHC.Prim.b#:LHC.Prim.I32 ‚Üê arg^71:LHC.Prim.Int
  LHC.Prim.I# (LHC.Prim.sdiv#
        LHC.Prim.a# LHC.Prim.b#)
LHC.Prim.srem : LHC.Prim.Int ‚Üí  LHC.Prim.Int ‚Üí  LHC.Prim.Int
LHC.Prim.srem =
  LHC.Prim.Int ‚Üí  LHC.Prim.Int ‚Üí  LHC.Prim.Int Œª arg^73:LHC.Prim.Int arg^74:LHC.Prim.Int ‚Üí 
  arg^76 ‚Üê arg^73
  LHC.Prim.I# LHC.Prim.a#:LHC.Prim.I32 ‚Üê arg^76:LHC.Prim.Int
  arg^75 ‚Üê arg^74
  LHC.Prim.I# LHC.Prim.b#:LHC.Prim.I32 ‚Üê arg^75:LHC.Prim.Int
  LHC.Prim.I# (LHC.Prim.srem#
        LHC.Prim.a# LHC.Prim.b#)
LHC.Prim.mapM_ : ‚àÄ a. (a ‚Üí  LHC.Prim.IO ()) ‚Üí  [a] ‚Üí  LHC.Prim.IO ()
LHC.Prim.mapM_ =
  ‚àÄ sk_62_a. (sk_62_a ‚Üí  LHC.Prim.IO ()) ‚Üí  [sk_62_a] ‚Üí  LHC.Prim.IO () Œª LHC.Prim.fn:(a ‚Üí  LHC.Prim.IO ()) LHC.Prim.lst:[a] ‚Üí 
  case LHC.Prim.lst of
    scrut^77:[sk_62_a]
    
    DEFAULT ‚Üí 
      case scrut^77 of
        scrut^77:[sk_62_a]
        LHC.Prim.Nil  ‚Üí 
          ((‚àÄ a. a ‚Üí  LHC.Prim.IO a) @ () LHC.Prim.return)
            LHC.Prim.Unit
        DEFAULT ‚Üí 
          scrut^78 ‚Üê scrut^77
          LHC.Prim.Cons LHC.Prim.x:sk_62_a LHC.Prim.xs:[sk_62_a] ‚Üê scrut^78:[sk_62_a]
          ((‚àÄ a b. LHC.Prim.IO a ‚Üí  LHC.Prim.IO b ‚Üí  LHC.Prim.IO b) @ () () LHC.Prim.thenIO)
              (LHC.Prim.fn LHC.Prim.x)
            (((‚àÄ a. (a ‚Üí  LHC.Prim.IO ()) ‚Üí  [a] ‚Üí  LHC.Prim.IO ()) @ sk_62_a LHC.Prim.mapM_)
                LHC.Prim.fn LHC.Prim.xs)
LHC.Prim.le# : LHC.Prim.I32 ‚Üí  LHC.Prim.I32 ‚Üí  LHC.Prim.I32
LHC.Prim.le# =
  Œª arg^80:LHC.Prim.I32 arg^81:LHC.Prim.I32 ‚Üí 
  primOut^82:LHC.Prim.I32 ‚Üê external le# arg^80 arg^81
  primOut^82
LHC.Prim.<= : LHC.Prim.Int ‚Üí  LHC.Prim.Int ‚Üí  LHC.Prim.Bool
LHC.Prim.<= =
  LHC.Prim.Int ‚Üí  LHC.Prim.Int ‚Üí  LHC.Prim.Bool Œª arg^83:LHC.Prim.Int arg^84:LHC.Prim.Int ‚Üí 
  arg^88 ‚Üê arg^83
  LHC.Prim.I# LHC.Prim.a#:LHC.Prim.I32 ‚Üê arg^88:LHC.Prim.Int
  arg^87 ‚Üê arg^84
  LHC.Prim.I# LHC.Prim.b#:LHC.Prim.I32 ‚Üê arg^87:LHC.Prim.Int
  case LHC.Prim.le# LHC.Prim.a#
           LHC.Prim.b# of
    scrut^85:LHC.Prim.I32
    
    DEFAULT ‚Üí 
      case scrut^85 of
        scrut^85:LHC.Prim.I32
        '\NUL' ‚Üí 
          LHC.Prim.False
        DEFAULT ‚Üí 
          LHC.Prim.True
LHC.Prim.max : LHC.Prim.Int ‚Üí  LHC.Prim.Int ‚Üí  LHC.Prim.Int
LHC.Prim.max =
  LHC.Prim.Int ‚Üí  LHC.Prim.Int ‚Üí  LHC.Prim.Int Œª LHC.Prim.a:LHC.Prim.Int LHC.Prim.b:LHC.Prim.Int ‚Üí 
  case LHC.Prim.<= LHC.Prim.a
           LHC.Prim.b of
    scrut^89:LHC.Prim.Bool
    
    DEFAULT ‚Üí 
      case scrut^89 of
        scrut^92:LHC.Prim.Bool
        LHC.Prim.True  ‚Üí 
          LHC.Prim.b
        DEFAULT ‚Üí 
          scrut^90 ‚Üê scrut^89
          LHC.Prim.False  ‚Üê scrut^90:LHC.Prim.Bool
          LHC.Prim.a
LHC.Prim.length : ‚àÄ a. [a] ‚Üí  LHC.Prim.Int
LHC.Prim.length =
  ‚àÄ sk_76_a. [sk_76_a] ‚Üí  LHC.Prim.Int Œª LHC.Prim.lst:[a] ‚Üí 
  ((‚àÄ a. [a] ‚Üí  LHC.Prim.Int) @ sk_76_a LHC.Prim.length)
    LHC.Prim.lst
LHC.Prim.emptyString : [LHC.Prim.Char]
LHC.Prim.emptyString =
  LHC.Prim.Nil
LHC.Prim.id : ‚àÄ a. a ‚Üí  a
LHC.Prim.id =
  ‚àÄ sk_79_a. sk_79_a ‚Üí  sk_79_a Œª LHC.Prim.x:a ‚Üí 
  LHC.Prim.x
